[0m12:45:16.330186 [debug] [MainThread]: Sending event: {'category': 'dbt', 'action': 'invocation', 'label': 'start', 'context': [<snowplow_tracker.self_describing_json.SelfDescribingJson object at 0x709a44836c50>, <snowplow_tracker.self_describing_json.SelfDescribingJson object at 0x709a44837410>, <snowplow_tracker.self_describing_json.SelfDescribingJson object at 0x709a4483c490>]}


============================== 12:45:16.334947 | 813afbad-609f-423b-a647-eb97607fed85 ==============================
[0m12:45:16.334947 [info ] [MainThread]: Running with dbt=1.10.9
[0m12:45:16.335433 [debug] [MainThread]: running dbt with arguments {'cache_selected_only': 'False', 'write_json': 'True', 'version_check': 'True', 'log_format': 'default', 'use_colors': 'True', 'invocation_command': 'dbt init my_dbt_test', 'warn_error': 'None', 'target_path': 'None', 'log_cache_events': 'False', 'fail_fast': 'False', 'empty': 'None', 'indirect_selection': 'eager', 'log_path': 'logs', 'profiles_dir': '/home/wanjz/.dbt', 'use_experimental_parser': 'False', 'introspect': 'True', 'debug': 'False', 'printer_width': '80', 'static_parser': 'True', 'quiet': 'False', 'no_print': 'None', 'warn_error_options': 'WarnErrorOptionsV2(error=[], warn=[], silence=[])', 'send_anonymous_usage_stats': 'True', 'partial_parse': 'True'}
[0m12:45:16.354524 [info ] [MainThread]: Creating dbt configuration folder at /home/wanjz/.dbt
[0m12:45:16.357932 [debug] [MainThread]: Starter project path: /home/wanjz/miniconda3/envs/elt/lib/python3.11/site-packages/dbt/include/starter_project
[0m12:45:16.367348 [info ] [MainThread]: 
Your new dbt project "my_dbt_test" was created!

For more information on how to configure the profiles.yml file,
please consult the dbt documentation here:

  https://docs.getdbt.com/docs/configure-your-profile

One more thing:

Need help? Don't hesitate to reach out to us via GitHub issues or on Slack:

  https://community.getdbt.com/

Happy modeling!

[0m12:45:16.367904 [info ] [MainThread]: Setting up your profile.
[0m12:47:00.932257 [info ] [MainThread]: Profile my_dbt_test written to /home/wanjz/.dbt/profiles.yml using target's profile_template.yml and your supplied values. Run 'dbt debug' to validate the connection.
[0m12:47:00.933621 [debug] [MainThread]: Resource report: {"command_name": "init", "command_success": true, "command_wall_clock_time": 110.3134, "process_in_blocks": "455856", "process_kernel_time": 3.766603, "process_mem_max_rss": "374444", "process_out_blocks": "104", "process_user_time": 8.555331}
[0m12:47:00.934336 [debug] [MainThread]: Command `dbt init` succeeded at 12:47:00.934248 after 110.31 seconds
[0m12:47:00.934691 [debug] [MainThread]: Sending event: {'category': 'dbt', 'action': 'invocation', 'label': 'end', 'context': [<snowplow_tracker.self_describing_json.SelfDescribingJson object at 0x709a447cc5d0>, <snowplow_tracker.self_describing_json.SelfDescribingJson object at 0x709a44837410>, <snowplow_tracker.self_describing_json.SelfDescribingJson object at 0x709a490581d0>]}
[0m12:47:00.934987 [debug] [MainThread]: Flushing usage events
[0m12:47:01.954638 [debug] [MainThread]: An error was encountered while trying to flush usage events
[0m21:08:51.178846 [debug] [MainThread]: Sending event: {'category': 'dbt', 'action': 'invocation', 'label': 'start', 'context': [<snowplow_tracker.self_describing_json.SelfDescribingJson object at 0x70ed1886a190>, <snowplow_tracker.self_describing_json.SelfDescribingJson object at 0x70ed188ad950>, <snowplow_tracker.self_describing_json.SelfDescribingJson object at 0x70ed188db910>]}


============================== 21:08:51.182591 | f9fb5b6a-4e52-4873-9ba4-a386f8b4fcf2 ==============================
[0m21:08:51.182591 [info ] [MainThread]: Running with dbt=1.10.9
[0m21:08:51.183024 [debug] [MainThread]: running dbt with arguments {'partial_parse': 'True', 'use_experimental_parser': 'False', 'introspect': 'True', 'write_json': 'True', 'log_path': 'logs', 'cache_selected_only': 'False', 'send_anonymous_usage_stats': 'True', 'invocation_command': 'dbt init austin_bikeshare_demo', 'version_check': 'True', 'warn_error_options': 'WarnErrorOptionsV2(error=[], warn=[], silence=[])', 'debug': 'False', 'empty': 'None', 'profiles_dir': '/home/wanjz/.dbt', 'static_parser': 'True', 'printer_width': '80', 'indirect_selection': 'eager', 'quiet': 'False', 'log_format': 'default', 'log_cache_events': 'False', 'use_colors': 'True', 'warn_error': 'None', 'fail_fast': 'False', 'target_path': 'None', 'no_print': 'None'}
[0m21:08:51.199062 [debug] [MainThread]: Starter project path: /home/wanjz/miniconda3/envs/elt/lib/python3.11/site-packages/dbt/include/starter_project
[0m21:08:51.213131 [info ] [MainThread]: 
Your new dbt project "austin_bikeshare_demo" was created!

For more information on how to configure the profiles.yml file,
please consult the dbt documentation here:

  https://docs.getdbt.com/docs/configure-your-profile

One more thing:

Need help? Don't hesitate to reach out to us via GitHub issues or on Slack:

  https://community.getdbt.com/

Happy modeling!

[0m21:08:51.213490 [info ] [MainThread]: Setting up your profile.
[0m21:11:05.989754 [info ] [MainThread]: Profile austin_bikeshare_demo written to /home/wanjz/.dbt/profiles.yml using target's profile_template.yml and your supplied values. Run 'dbt debug' to validate the connection.
[0m21:11:05.991582 [debug] [MainThread]: Resource report: {"command_name": "init", "command_success": true, "command_wall_clock_time": 138.61609, "process_in_blocks": "406304", "process_kernel_time": 3.586271, "process_mem_max_rss": "374744", "process_out_blocks": "96", "process_user_time": 8.219197}
[0m21:11:05.992451 [debug] [MainThread]: Command `dbt init` succeeded at 21:11:05.992362 after 138.62 seconds
[0m21:11:05.992967 [debug] [MainThread]: Sending event: {'category': 'dbt', 'action': 'invocation', 'label': 'end', 'context': [<snowplow_tracker.self_describing_json.SelfDescribingJson object at 0x70ed18870390>, <snowplow_tracker.self_describing_json.SelfDescribingJson object at 0x70ed1d0a8050>, <snowplow_tracker.self_describing_json.SelfDescribingJson object at 0x70ed1885e490>]}
[0m21:11:05.993435 [debug] [MainThread]: Flushing usage events
[0m21:11:06.981600 [debug] [MainThread]: An error was encountered while trying to flush usage events
[0m21:19:18.284146 [debug] [MainThread]: Sending event: {'category': 'dbt', 'action': 'invocation', 'label': 'start', 'context': [<snowplow_tracker.self_describing_json.SelfDescribingJson object at 0x7fe9283ab750>, <snowplow_tracker.self_describing_json.SelfDescribingJson object at 0x7fe92842bdd0>, <snowplow_tracker.self_describing_json.SelfDescribingJson object at 0x7fe928cdfa50>]}


============================== 21:19:18.287817 | c852042b-d020-4005-ad6a-61aff931f14e ==============================
[0m21:19:18.287817 [info ] [MainThread]: Running with dbt=1.10.9
[0m21:19:18.288300 [debug] [MainThread]: running dbt with arguments {'fail_fast': 'False', 'indirect_selection': 'eager', 'target_path': 'None', 'profiles_dir': '/home/wanjz/.dbt', 'send_anonymous_usage_stats': 'True', 'quiet': 'False', 'use_experimental_parser': 'False', 'introspect': 'True', 'empty': 'None', 'write_json': 'True', 'debug': 'False', 'version_check': 'True', 'static_parser': 'True', 'no_print': 'None', 'invocation_command': 'dbt init austin_bikeshare_demo', 'warn_error_options': 'WarnErrorOptionsV2(error=[], warn=[], silence=[])', 'log_format': 'default', 'printer_width': '80', 'partial_parse': 'True', 'log_path': 'logs', 'log_cache_events': 'False', 'cache_selected_only': 'False', 'use_colors': 'True', 'warn_error': 'None'}
[0m21:19:18.305354 [info ] [MainThread]: A project called austin_bikeshare_demo already exists here.
[0m21:19:18.308877 [debug] [MainThread]: Resource report: {"command_name": "init", "command_success": true, "command_wall_clock_time": 0.062724, "process_in_blocks": "123832", "process_kernel_time": 0.359208, "process_mem_max_rss": "99632", "process_out_blocks": "8", "process_user_time": 0.853119}
[0m21:19:18.309280 [debug] [MainThread]: Command `dbt init` succeeded at 21:19:18.309210 after 0.06 seconds
[0m21:19:18.309522 [debug] [MainThread]: Sending event: {'category': 'dbt', 'action': 'invocation', 'label': 'end', 'context': [<snowplow_tracker.self_describing_json.SelfDescribingJson object at 0x7fe9283bc190>, <snowplow_tracker.self_describing_json.SelfDescribingJson object at 0x7fe9283b66d0>, <snowplow_tracker.self_describing_json.SelfDescribingJson object at 0x7fe92cdff590>]}
[0m21:19:18.309772 [debug] [MainThread]: Flushing usage events
[0m21:19:19.390872 [debug] [MainThread]: An error was encountered while trying to flush usage events
